// Jest Snapshot v1, https://goo.gl/fbAQLP

exports[`agileaccelerator basic test process records from all streams 1`] = `
Array [
  "Processed 11 records",
  "Processed records by stream: {\\\\\\"mytestsource__agileaccelerator__works\\\\\\":11}\\"},\\"type\\":\\"LOG\\"}",
  "Would write 36 records",
  "Would write records by model: {\\\\\\"tms_Epic\\\\\\":9,\\\\\\"tms_Project\\\\\\":9,\\\\\\"tms_Sprint\\\\\\":6,\\\\\\"tms_Task\\\\\\":11,\\\\\\"tms_User\\\\\\":1}\\"},\\"type\\":\\"LOG\\"}",
  "Skipped 0 records",
  "Errored 0 records",
]
`;
