// Jest Snapshot v1, https://goo.gl/fbAQLP

exports[`bitbucket basic test process records from all streams 1`] = `
Array [
  "Processed 82 records",
  "Processed records by stream: {\\\\\\"mytestsource__bitbucket__branches\\\\\\":2,\\\\\\"mytestsource__bitbucket__commits\\\\\\":25,\\\\\\"mytestsource__bitbucket__deployments\\\\\\":14,\\\\\\"mytestsource__bitbucket__issues\\\\\\":1,\\\\\\"mytestsource__bitbucket__pipeline_steps\\\\\\":5,\\\\\\"mytestsource__bitbucket__pipelines\\\\\\":7,\\\\\\"mytestsource__bitbucket__pull_request_activities\\\\\\":12,\\\\\\"mytestsource__bitbucket__pull_requests\\\\\\":2,\\\\\\"mytestsource__bitbucket__repositories\\\\\\":6,\\\\\\"mytestsource__bitbucket__workspace_users\\\\\\":5,\\\\\\"mytestsource__bitbucket__workspaces\\\\\\":3}\\"},\\"type\\":\\"LOG\\"}",
  "Would write 149 records",
  "Would write records by model: {\\\\\\"cicd_Build\\\\\\":7,\\\\\\"cicd_BuildCommitAssociation\\\\\\":7,\\\\\\"cicd_Deployment\\\\\\":14,\\\\\\"cicd_Organization\\\\\\":3,\\\\\\"cicd_Repository\\\\\\":6,\\\\\\"compute_Application\\\\\\":7,\\\\\\"tms_Project\\\\\\":6,\\\\\\"tms_Task\\\\\\":1,\\\\\\"tms_TaskAssignment\\\\\\":1,\\\\\\"tms_TaskBoard\\\\\\":6,\\\\\\"tms_TaskBoardProjectRelationship\\\\\\":6,\\\\\\"tms_TaskBoardRelationship\\\\\\":1,\\\\\\"tms_TaskProjectRelationship\\\\\\":1,\\\\\\"tms_User\\\\\\":2,\\\\\\"vcs_Branch\\\\\\":2,\\\\\\"vcs_Commit\\\\\\":25,\\\\\\"vcs_Membership\\\\\\":5,\\\\\\"vcs_Organization\\\\\\":3,\\\\\\"vcs_PullRequest\\\\\\":2,\\\\\\"vcs_PullRequestComment\\\\\\":2,\\\\\\"vcs_PullRequestReview\\\\\\":3,\\\\\\"vcs_Repository\\\\\\":6,\\\\\\"vcs_User\\\\\\":33}\\"},\\"type\\":\\"LOG\\"}",
  "Skipped 0 records",
  "Errored 0 records",
]
`;
