// Jest Snapshot v1, https://goo.gl/fbAQLP

exports[`circleci process records from all streams 1`] = `
Array [
  "Processed 4 records",
  "Processed records by stream: {\\\\\\"mytestsource__circleci__pipelines\\\\\\":1,\\\\\\"mytestsource__circleci__projects\\\\\\":1,\\\\\\"mytestsource__circleci__tests\\\\\\":2}\\"},\\"type\\":\\"LOG\\"}",
  "Would write 14 records",
  "Would write records by model: {\\\\\\"cicd_Build\\\\\\":1,\\\\\\"cicd_BuildCommitAssociation\\\\\\":1,\\\\\\"cicd_BuildStep\\\\\\":1,\\\\\\"cicd_Organization\\\\\\":1,\\\\\\"cicd_Pipeline\\\\\\":1,\\\\\\"qa_TestCase\\\\\\":2,\\\\\\"qa_TestCaseResult\\\\\\":2,\\\\\\"qa_TestExecution\\\\\\":1,\\\\\\"qa_TestExecutionCommitAssociation\\\\\\":1,\\\\\\"qa_TestSuite\\\\\\":1,\\\\\\"qa_TestSuiteTestCaseAssociation\\\\\\":2}\\"},\\"type\\":\\"LOG\\"}",
  "Skipped 0 records",
  "Errored 0 records",
]
`;
