// Jest Snapshot v1, https://goo.gl/fbAQLP

exports[`cursor process records from all streams 1`] = `
Array [
  "Processed 4 records",
  "Processed records by stream: {\\\\\\"mytestsource__cursor__daily_usage\\\\\\":2,\\\\\\"mytestsource__cursor__members\\\\\\":2}\\"},\\"type\\":\\"LOG\\"}",
  "Would write 27 records",
  "Would write records by model: {\\\\\\"vcs_AssistantMetric\\\\\\":18,\\\\\\"vcs_Organization\\\\\\":1,\\\\\\"vcs_User\\\\\\":2,\\\\\\"vcs_UserEmail\\\\\\":2,\\\\\\"vcs_UserTool\\\\\\":2,\\\\\\"vcs_UserToolUsage\\\\\\":2}\\"},\\"type\\":\\"LOG\\"}",
  "Skipped 0 records",
  "Errored 0 records",
]
`;

exports[`cursor process records from all streams 2`] = `
Array [
  Object {
    "vcs_UserToolUsage": Object {
      "recordedAt": "2024-03-18T00:00:00.000Z",
      "source": "Cursor",
      "usedAt": "2024-03-18T00:00:00.000Z",
      "userTool": Object {
        "organization": Object {
          "source": "Cursor",
          "uid": "Cursor",
        },
        "tool": Object {
          "category": "CodingAssistant",
          "detail": "Cursor",
        },
        "user": Object {
          "source": "Cursor",
          "uid": "developer@company.com",
        },
      },
    },
  },
  Object {
    "vcs_AssistantMetric": Object {
      "endedAt": "2024-03-19T00:00:00.000Z",
      "organization": Object {
        "source": "Cursor",
        "uid": "Cursor",
      },
      "source": "Cursor",
      "startedAt": "2024-03-18T00:00:00.000Z",
      "tool": Object {
        "category": "CodingAssistant",
        "detail": "Cursor",
      },
      "type": Object {
        "category": "LinesAccepted",
      },
      "uid": "9593976f19915a08a8c30e444b98f5596b8efe15231ba8fa9fe5a9a8f4c9a236",
      "user": Object {
        "source": "Cursor",
        "uid": "developer@company.com",
      },
      "value": "1102",
      "valueType": "Int",
    },
  },
  Object {
    "vcs_AssistantMetric": Object {
      "endedAt": "2024-03-19T00:00:00.000Z",
      "organization": Object {
        "source": "Cursor",
        "uid": "Cursor",
      },
      "source": "Cursor",
      "startedAt": "2024-03-18T00:00:00.000Z",
      "tool": Object {
        "category": "CodingAssistant",
        "detail": "Cursor",
      },
      "type": Object {
        "category": "SuggestionsAccepted",
      },
      "uid": "3c4f828c62ae45d6049c47f5da0daf2ded0226496526cb2fad8ae213cc2d80a8",
      "user": Object {
        "source": "Cursor",
        "uid": "developer@company.com",
      },
      "value": "73",
      "valueType": "Int",
    },
  },
  Object {
    "vcs_AssistantMetric": Object {
      "endedAt": "2024-03-19T00:00:00.000Z",
      "organization": Object {
        "source": "Cursor",
        "uid": "Cursor",
      },
      "source": "Cursor",
      "startedAt": "2024-03-18T00:00:00.000Z",
      "tool": Object {
        "category": "CodingAssistant",
        "detail": "Cursor",
      },
      "type": Object {
        "category": "SuggestionsDiscarded",
      },
      "uid": "d62cee085e278acb12d41bc8a70055ee07842b75443a862978cfbf159a02dd2b",
      "user": Object {
        "source": "Cursor",
        "uid": "developer@company.com",
      },
      "value": "14",
      "valueType": "Int",
    },
  },
  Object {
    "vcs_AssistantMetric": Object {
      "endedAt": "2024-03-19T00:00:00.000Z",
      "feature": "Tab",
      "organization": Object {
        "source": "Cursor",
        "uid": "Cursor",
      },
      "source": "Cursor",
      "startedAt": "2024-03-18T00:00:00.000Z",
      "tool": Object {
        "category": "CodingAssistant",
        "detail": "Cursor",
      },
      "type": Object {
        "category": "Usages",
      },
      "uid": "1ed73a41c3c574a9ca923a54e0177174e967a4bb1064fa000513ba0d1e948b3a",
      "user": Object {
        "source": "Cursor",
        "uid": "developer@company.com",
      },
      "value": "289",
      "valueType": "Int",
    },
  },
  Object {
    "vcs_AssistantMetric": Object {
      "endedAt": "2024-03-19T00:00:00.000Z",
      "feature": "Composer",
      "organization": Object {
        "source": "Cursor",
        "uid": "Cursor",
      },
      "source": "Cursor",
      "startedAt": "2024-03-18T00:00:00.000Z",
      "tool": Object {
        "category": "CodingAssistant",
        "detail": "Cursor",
      },
      "type": Object {
        "category": "Usages",
      },
      "uid": "b7041c0d2e3fb0ec91eb67dc5ea75a9a5dd34c4a4e2fdbb9db62bd301475eeb5",
      "user": Object {
        "source": "Cursor",
        "uid": "developer@company.com",
      },
      "value": "45",
      "valueType": "Int",
    },
  },
  Object {
    "vcs_AssistantMetric": Object {
      "endedAt": "2024-03-19T00:00:00.000Z",
      "feature": "Chat",
      "organization": Object {
        "source": "Cursor",
        "uid": "Cursor",
      },
      "source": "Cursor",
      "startedAt": "2024-03-18T00:00:00.000Z",
      "tool": Object {
        "category": "CodingAssistant",
        "detail": "Cursor",
      },
      "type": Object {
        "category": "Usages",
      },
      "uid": "82fbcaad2a750649674eba479f1753c4f8552eac259e244a0b9b17d347e222c9",
      "user": Object {
        "source": "Cursor",
        "uid": "developer@company.com",
      },
      "value": "128",
      "valueType": "Int",
    },
  },
  Object {
    "vcs_AssistantMetric": Object {
      "endedAt": "2024-03-19T00:00:00.000Z",
      "feature": "Agent",
      "organization": Object {
        "source": "Cursor",
        "uid": "Cursor",
      },
      "source": "Cursor",
      "startedAt": "2024-03-18T00:00:00.000Z",
      "tool": Object {
        "category": "CodingAssistant",
        "detail": "Cursor",
      },
      "type": Object {
        "category": "Usages",
      },
      "uid": "4846a926f8c0ac6e97e0502a2fd67805dbf2553d24853ae8d4a84baea772a7f3",
      "user": Object {
        "source": "Cursor",
        "uid": "developer@company.com",
      },
      "value": "12",
      "valueType": "Int",
    },
  },
  Object {
    "vcs_AssistantMetric": Object {
      "endedAt": "2024-03-19T00:00:00.000Z",
      "feature": "Cmd+K",
      "organization": Object {
        "source": "Cursor",
        "uid": "Cursor",
      },
      "source": "Cursor",
      "startedAt": "2024-03-18T00:00:00.000Z",
      "tool": Object {
        "category": "CodingAssistant",
        "detail": "Cursor",
      },
      "type": Object {
        "category": "Usages",
      },
      "uid": "ceda1a96484d4beb8c05c67e5779bd06c72493eca32c6ea81cf839e699972c4e",
      "user": Object {
        "source": "Cursor",
        "uid": "developer@company.com",
      },
      "value": "67",
      "valueType": "Int",
    },
  },
  Object {
    "vcs_AssistantMetric": Object {
      "endedAt": "2024-03-19T00:00:00.000Z",
      "feature": "BugBot",
      "organization": Object {
        "source": "Cursor",
        "uid": "Cursor",
      },
      "source": "Cursor",
      "startedAt": "2024-03-18T00:00:00.000Z",
      "tool": Object {
        "category": "CodingAssistant",
        "detail": "Cursor",
      },
      "type": Object {
        "category": "Usages",
      },
      "uid": "7c3f6a29b0694166e8732c8ea3ba4c6be10eac5b0bb92a0534dbd390ed53dad0",
      "user": Object {
        "source": "Cursor",
        "uid": "developer@company.com",
      },
      "value": "3",
      "valueType": "Int",
    },
  },
  Object {
    "vcs_UserToolUsage": Object {
      "recordedAt": "2024-03-19T00:00:00.000Z",
      "source": "Cursor",
      "usedAt": "2024-03-19T00:00:00.000Z",
      "userTool": Object {
        "organization": Object {
          "source": "Cursor",
          "uid": "Cursor",
        },
        "tool": Object {
          "category": "CodingAssistant",
          "detail": "Cursor",
        },
        "user": Object {
          "source": "Cursor",
          "uid": "developer@company.com",
        },
      },
    },
  },
  Object {
    "vcs_AssistantMetric": Object {
      "endedAt": "2024-03-20T00:00:00.000Z",
      "organization": Object {
        "source": "Cursor",
        "uid": "Cursor",
      },
      "source": "Cursor",
      "startedAt": "2024-03-19T00:00:00.000Z",
      "tool": Object {
        "category": "CodingAssistant",
        "detail": "Cursor",
      },
      "type": Object {
        "category": "LinesAccepted",
      },
      "uid": "1b36b4acad81e16528621bec05366aab254d685de1861f7e1460dc6d3cb74901",
      "user": Object {
        "source": "Cursor",
        "uid": "developer@company.com",
      },
      "value": "1876",
      "valueType": "Int",
    },
  },
  Object {
    "vcs_AssistantMetric": Object {
      "endedAt": "2024-03-20T00:00:00.000Z",
      "organization": Object {
        "source": "Cursor",
        "uid": "Cursor",
      },
      "source": "Cursor",
      "startedAt": "2024-03-19T00:00:00.000Z",
      "tool": Object {
        "category": "CodingAssistant",
        "detail": "Cursor",
      },
      "type": Object {
        "category": "SuggestionsAccepted",
      },
      "uid": "aeee8630f25236b29572e28dd34fecd212db59ef67cdd888f8e7f2282d051911",
      "user": Object {
        "source": "Cursor",
        "uid": "developer@company.com",
      },
      "value": "91",
      "valueType": "Int",
    },
  },
  Object {
    "vcs_AssistantMetric": Object {
      "endedAt": "2024-03-20T00:00:00.000Z",
      "organization": Object {
        "source": "Cursor",
        "uid": "Cursor",
      },
      "source": "Cursor",
      "startedAt": "2024-03-19T00:00:00.000Z",
      "tool": Object {
        "category": "CodingAssistant",
        "detail": "Cursor",
      },
      "type": Object {
        "category": "SuggestionsDiscarded",
      },
      "uid": "cb9e36a97d4af7a1e12447ed0e9dfa95f50baf20558cebfe78bf98ccfd180bad",
      "user": Object {
        "source": "Cursor",
        "uid": "developer@company.com",
      },
      "value": "11",
      "valueType": "Int",
    },
  },
  Object {
    "vcs_AssistantMetric": Object {
      "endedAt": "2024-03-20T00:00:00.000Z",
      "feature": "Tab",
      "organization": Object {
        "source": "Cursor",
        "uid": "Cursor",
      },
      "source": "Cursor",
      "startedAt": "2024-03-19T00:00:00.000Z",
      "tool": Object {
        "category": "CodingAssistant",
        "detail": "Cursor",
      },
      "type": Object {
        "category": "Usages",
      },
      "uid": "2f12f8de67e49b670a84b00edf6ed78f816b79d3aba3bc8100816c597dc1f766",
      "user": Object {
        "source": "Cursor",
        "uid": "developer@company.com",
      },
      "value": "398",
      "valueType": "Int",
    },
  },
  Object {
    "vcs_AssistantMetric": Object {
      "endedAt": "2024-03-20T00:00:00.000Z",
      "feature": "Composer",
      "organization": Object {
        "source": "Cursor",
        "uid": "Cursor",
      },
      "source": "Cursor",
      "startedAt": "2024-03-19T00:00:00.000Z",
      "tool": Object {
        "category": "CodingAssistant",
        "detail": "Cursor",
      },
      "type": Object {
        "category": "Usages",
      },
      "uid": "68394113bfda7038b95d109102b5f896331013654dbd7c1c871c41910583baef",
      "user": Object {
        "source": "Cursor",
        "uid": "developer@company.com",
      },
      "value": "67",
      "valueType": "Int",
    },
  },
  Object {
    "vcs_AssistantMetric": Object {
      "endedAt": "2024-03-20T00:00:00.000Z",
      "feature": "Chat",
      "organization": Object {
        "source": "Cursor",
        "uid": "Cursor",
      },
      "source": "Cursor",
      "startedAt": "2024-03-19T00:00:00.000Z",
      "tool": Object {
        "category": "CodingAssistant",
        "detail": "Cursor",
      },
      "type": Object {
        "category": "Usages",
      },
      "uid": "eb466b7d80efd14b2843fa15bdedabab5e2ab41b475971b0054e6ec2febe363f",
      "user": Object {
        "source": "Cursor",
        "uid": "developer@company.com",
      },
      "value": "156",
      "valueType": "Int",
    },
  },
  Object {
    "vcs_AssistantMetric": Object {
      "endedAt": "2024-03-20T00:00:00.000Z",
      "feature": "Agent",
      "organization": Object {
        "source": "Cursor",
        "uid": "Cursor",
      },
      "source": "Cursor",
      "startedAt": "2024-03-19T00:00:00.000Z",
      "tool": Object {
        "category": "CodingAssistant",
        "detail": "Cursor",
      },
      "type": Object {
        "category": "Usages",
      },
      "uid": "6a2f92a7d6701aeb443db12ac10a6def01103ef3cae28df765121e2fef99b411",
      "user": Object {
        "source": "Cursor",
        "uid": "developer@company.com",
      },
      "value": "23",
      "valueType": "Int",
    },
  },
  Object {
    "vcs_AssistantMetric": Object {
      "endedAt": "2024-03-20T00:00:00.000Z",
      "feature": "Cmd+K",
      "organization": Object {
        "source": "Cursor",
        "uid": "Cursor",
      },
      "source": "Cursor",
      "startedAt": "2024-03-19T00:00:00.000Z",
      "tool": Object {
        "category": "CodingAssistant",
        "detail": "Cursor",
      },
      "type": Object {
        "category": "Usages",
      },
      "uid": "17d12097dac983385264d9875debbbed01bf5667301e799c21bb006315d127a2",
      "user": Object {
        "source": "Cursor",
        "uid": "developer@company.com",
      },
      "value": "89",
      "valueType": "Int",
    },
  },
  Object {
    "vcs_AssistantMetric": Object {
      "endedAt": "2024-03-20T00:00:00.000Z",
      "feature": "BugBot",
      "organization": Object {
        "source": "Cursor",
        "uid": "Cursor",
      },
      "source": "Cursor",
      "startedAt": "2024-03-19T00:00:00.000Z",
      "tool": Object {
        "category": "CodingAssistant",
        "detail": "Cursor",
      },
      "type": Object {
        "category": "Usages",
      },
      "uid": "319e7b6a53da3c90abc11305502a4300095631e125eb1345a3fbd13dc89ab578",
      "user": Object {
        "source": "Cursor",
        "uid": "developer@company.com",
      },
      "value": "5",
      "valueType": "Int",
    },
  },
  Object {
    "vcs_User": Object {
      "email": "developer@company.com",
      "name": "Alex",
      "source": "Cursor",
      "type": "User",
      "uid": "developer@company.com",
    },
  },
  Object {
    "vcs_UserEmail": Object {
      "email": "developer@company.com",
      "source": "Cursor",
      "user": Object {
        "source": "Cursor",
        "uid": "developer@company.com",
      },
    },
  },
  Object {
    "vcs_UserTool": Object {
      "inactive": false,
      "organization": Object {
        "source": "Cursor",
        "uid": "Cursor",
      },
      "source": "Cursor",
      "startedAt": "2024-03-18T00:00:00.000Z",
      "tool": Object {
        "category": "CodingAssistant",
        "detail": "Cursor",
      },
      "user": Object {
        "source": "Cursor",
        "uid": "developer@company.com",
      },
    },
  },
  Object {
    "vcs_User": Object {
      "email": "admin@company.com",
      "name": "Sam",
      "source": "Cursor",
      "type": "User",
      "uid": "admin@company.com",
    },
  },
  Object {
    "vcs_UserEmail": Object {
      "email": "admin@company.com",
      "source": "Cursor",
      "user": Object {
        "source": "Cursor",
        "uid": "admin@company.com",
      },
    },
  },
  Object {
    "vcs_UserTool": Object {
      "inactive": false,
      "organization": Object {
        "source": "Cursor",
        "uid": "Cursor",
      },
      "source": "Cursor",
      "tool": Object {
        "category": "CodingAssistant",
        "detail": "Cursor",
      },
      "user": Object {
        "source": "Cursor",
        "uid": "admin@company.com",
      },
    },
  },
  Object {
    "vcs_Organization": Object {
      "source": "Cursor",
      "uid": "Cursor",
    },
  },
]
`;
