// Jest Snapshot v1, https://goo.gl/fbAQLP

exports[`tromzo process records from all streams 1`] = `
Array [
  "Processed 3 records",
  "Processed records by stream: {\\\\\\"mytestsource__tromzo__findings\\\\\\":3}\\"},\\"type\\":\\"LOG\\"}",
  "Would write 10 records",
  "Would write records by model: {\\\\\\"sec_Vulnerability\\\\\\":3,\\\\\\"sec_VulnerabilityIdentifier\\\\\\":2,\\\\\\"sec_VulnerabilityIdentifierRelationship\\\\\\":2,\\\\\\"vcs_RepositoryVulnerability\\\\\\":3}\\"},\\"type\\":\\"LOG\\"}",
  "Skipped 0 records",
  "Errored 0 records",
]
`;

exports[`tromzo process records from all streams 2`] = `
Array [
  Object {
    "sec_Vulnerability": Object {
      "affectedVersions": null,
      "discoveredAt": "2024-09-30T06:55:39.000Z",
      "discoveredBy": "codeql",
      "publishedAt": "2024-10-16T14:54:31.977Z",
      "remediatedAt": "2024-10-17T09:48:43.405Z",
      "severity": 8.9,
      "source": "Tromzo",
      "uid": "fin_1",
      "vulnerabilityIds": null,
    },
  },
  Object {
    "vcs_RepositoryVulnerability": Object {
      "createdAt": "2024-09-30T06:55:39.000Z",
      "dueAt": null,
      "repository": Object {
        "name": "airbyte-connectors",
        "organization": Object {
          "source": "GitHub",
          "uid": "faros-ai",
        },
        "uid": "airbyte-connectors",
      },
      "resolvedAt": "2024-10-17T09:48:43.405Z",
      "source": "Tromzo",
      "status": Object {
        "category": "Ignored",
        "detail": "closed",
      },
      "vulnerability": Object {
        "source": "Tromzo",
        "uid": "fin_1",
      },
    },
  },
  Object {
    "sec_Vulnerability": Object {
      "affectedVersions": null,
      "discoveredAt": "2024-09-30T06:55:39.000Z",
      "discoveredBy": "codeql",
      "publishedAt": "2024-10-16T14:54:31.758Z",
      "remediatedAt": null,
      "severity": 8.9,
      "source": "Tromzo",
      "uid": "fin_2",
      "vulnerabilityIds": null,
    },
  },
  Object {
    "vcs_RepositoryVulnerability": Object {
      "createdAt": "2024-09-30T06:55:39.000Z",
      "dueAt": null,
      "repository": Object {
        "name": "airbyte-connectors",
        "organization": Object {
          "source": "GitHub",
          "uid": "faros-ai",
        },
        "uid": "airbyte-connectors",
      },
      "resolvedAt": null,
      "source": "Tromzo",
      "status": Object {
        "category": "Open",
        "detail": "open",
      },
      "vulnerability": Object {
        "source": "Tromzo",
        "uid": "fin_2",
      },
    },
  },
  Object {
    "sec_VulnerabilityIdentifier": Object {
      "source": "Tromzo",
      "type": Object {
        "category": "CVE",
        "detail": "CVE",
      },
      "uid": "CVE-2024-21538",
    },
  },
  Object {
    "sec_VulnerabilityIdentifierRelationship": Object {
      "identifier": Object {
        "source": "Tromzo",
        "type": Object {
          "category": "CVE",
          "detail": "CVE",
        },
        "uid": "CVE-2024-21538",
      },
      "source": "Tromzo",
      "vulnerability": Object {
        "source": "Tromzo",
        "uid": "fin_3",
      },
    },
  },
  Object {
    "sec_VulnerabilityIdentifier": Object {
      "source": "Tromzo",
      "type": Object {
        "category": "GHSA",
        "detail": "GHSA",
      },
      "uid": "GHSA-3xgq-45jj-v275",
    },
  },
  Object {
    "sec_VulnerabilityIdentifierRelationship": Object {
      "identifier": Object {
        "source": "Tromzo",
        "type": Object {
          "category": "GHSA",
          "detail": "GHSA",
        },
        "uid": "GHSA-3xgq-45jj-v275",
      },
      "source": "Tromzo",
      "vulnerability": Object {
        "source": "Tromzo",
        "uid": "fin_3",
      },
    },
  },
  Object {
    "sec_Vulnerability": Object {
      "affectedVersions": Array [
        ">= 2.12|^3.0,< 3.0.0",
      ],
      "discoveredAt": "2024-11-07T01:22:04.000Z",
      "discoveredBy": "github dependabot",
      "publishedAt": "2024-11-08T01:04:57.941Z",
      "remediatedAt": "2024-11-13T00:39:07.521Z",
      "severity": 8.9,
      "source": "Tromzo",
      "uid": "fin_3",
      "vulnerabilityIds": Array [
        "CVE-2024-21538",
        "GHSA-3xgq-45jj-v275",
      ],
    },
  },
  Object {
    "vcs_RepositoryVulnerability": Object {
      "createdAt": "2024-11-07T01:22:04.000Z",
      "dueAt": null,
      "repository": Object {
        "name": "faros-community-edition",
        "organization": Object {
          "source": "GitHub",
          "uid": "faros-ai",
        },
        "uid": "faros-community-edition",
      },
      "resolvedAt": "2024-11-13T00:39:07.521Z",
      "source": "Tromzo",
      "status": Object {
        "category": "Resolved",
        "detail": "resolved",
      },
      "vulnerability": Object {
        "source": "Tromzo",
        "uid": "fin_3",
      },
    },
  },
]
`;
