// Jest Snapshot v1, https://goo.gl/fbAQLP

exports[`windsurf process records from all streams 1`] = `
Array [
  "Processed 4 records",
  "Processed records by stream: {\\\\\\"mytestsource__windsurf__autocomplete_analytics\\\\\\":2,\\\\\\"mytestsource__windsurf__user_page_analytics\\\\\\":2}\\"},\\"type\\":\\"LOG\\"}",
  "Would write 11 records",
  "Would write records by model: {\\\\\\"vcs_AssistantMetric\\\\\\":4,\\\\\\"vcs_Organization\\\\\\":1,\\\\\\"vcs_User\\\\\\":2,\\\\\\"vcs_UserEmail\\\\\\":2,\\\\\\"vcs_UserTool\\\\\\":2}\\"},\\"type\\":\\"LOG\\"}",
  "Skipped 0 records",
  "Errored 0 records",
]
`;

exports[`windsurf process records from all streams 2`] = `
Array [
  Object {
    "vcs_User": Object {
      "email": "user1@example.com",
      "name": "John Developer",
      "source": "Windsurf",
      "type": "User",
      "uid": "user1@example.com",
    },
  },
  Object {
    "vcs_UserEmail": Object {
      "email": "user1@example.com",
      "source": "Windsurf",
      "user": Object {
        "source": "Windsurf",
        "uid": "user1@example.com",
      },
    },
  },
  Object {
    "vcs_UserTool": Object {
      "inactive": false,
      "organization": Object {
        "source": "Windsurf",
        "uid": "Windsurf",
      },
      "source": "Windsurf",
      "tool": Object {
        "category": "CodingAssistant",
        "detail": "Windsurf",
      },
      "user": Object {
        "source": "Windsurf",
        "uid": "user1@example.com",
      },
    },
  },
  Object {
    "vcs_User": Object {
      "email": "user2@example.com",
      "name": "Jane Engineer",
      "source": "Windsurf",
      "type": "User",
      "uid": "user2@example.com",
    },
  },
  Object {
    "vcs_UserEmail": Object {
      "email": "user2@example.com",
      "source": "Windsurf",
      "user": Object {
        "source": "Windsurf",
        "uid": "user2@example.com",
      },
    },
  },
  Object {
    "vcs_UserTool": Object {
      "inactive": false,
      "organization": Object {
        "source": "Windsurf",
        "uid": "Windsurf",
      },
      "source": "Windsurf",
      "tool": Object {
        "category": "CodingAssistant",
        "detail": "Windsurf",
      },
      "user": Object {
        "source": "Windsurf",
        "uid": "user2@example.com",
      },
    },
  },
  Object {
    "vcs_AssistantMetric": Object {
      "endedAt": "2024-01-16T00:00:00.000Z",
      "feature": "vscode",
      "organization": Object {
        "source": "Windsurf",
        "uid": "Windsurf",
      },
      "source": "Windsurf",
      "startedAt": "2024-01-15T00:00:00.000Z",
      "tool": Object {
        "category": "CodingAssistant",
        "detail": "Windsurf",
      },
      "type": Object {
        "category": "SuggestionsAccepted",
        "detail": "acceptances_typescript",
      },
      "uid": "cb6904e8468804bb2ee383f2fb3efb8d495d3013c88730946001f2851c3b6bf0",
      "user": Object {
        "source": "Windsurf",
        "uid": "user1@example.com",
      },
      "value": "45",
      "valueType": "Int",
    },
  },
  Object {
    "vcs_AssistantMetric": Object {
      "endedAt": "2024-01-16T00:00:00.000Z",
      "feature": "vscode",
      "organization": Object {
        "source": "Windsurf",
        "uid": "Windsurf",
      },
      "source": "Windsurf",
      "startedAt": "2024-01-15T00:00:00.000Z",
      "tool": Object {
        "category": "CodingAssistant",
        "detail": "Windsurf",
      },
      "type": Object {
        "category": "LinesAccepted",
        "detail": "lines_typescript",
      },
      "uid": "5686b357248fb8439dae5be25e2b9e1a4b55c55c90eddb53e7de56cec547f37e",
      "user": Object {
        "source": "Windsurf",
        "uid": "user1@example.com",
      },
      "value": "280",
      "valueType": "Int",
    },
  },
  Object {
    "vcs_AssistantMetric": Object {
      "endedAt": "2024-01-16T00:00:00.000Z",
      "feature": "windsurf",
      "organization": Object {
        "source": "Windsurf",
        "uid": "Windsurf",
      },
      "source": "Windsurf",
      "startedAt": "2024-01-15T00:00:00.000Z",
      "tool": Object {
        "category": "CodingAssistant",
        "detail": "Windsurf",
      },
      "type": Object {
        "category": "SuggestionsAccepted",
        "detail": "acceptances_python",
      },
      "uid": "bc40c9a170c0d81a34262676d7f2e677d7edb6c3e5ad033edf362a2368556f87",
      "user": Object {
        "source": "Windsurf",
        "uid": "user2@example.com",
      },
      "value": "32",
      "valueType": "Int",
    },
  },
  Object {
    "vcs_AssistantMetric": Object {
      "endedAt": "2024-01-16T00:00:00.000Z",
      "feature": "windsurf",
      "organization": Object {
        "source": "Windsurf",
        "uid": "Windsurf",
      },
      "source": "Windsurf",
      "startedAt": "2024-01-15T00:00:00.000Z",
      "tool": Object {
        "category": "CodingAssistant",
        "detail": "Windsurf",
      },
      "type": Object {
        "category": "LinesAccepted",
        "detail": "lines_python",
      },
      "uid": "ef6c7f30e13bbfba532022f37bc4f2ee6b82c4748e0d97189da96e3df350eaf5",
      "user": Object {
        "source": "Windsurf",
        "uid": "user2@example.com",
      },
      "value": "180",
      "valueType": "Int",
    },
  },
  Object {
    "vcs_Organization": Object {
      "source": "Windsurf",
      "uid": "Windsurf",
    },
  },
]
`;
