// Jest Snapshot v1, https://goo.gl/fbAQLP

exports[`utils add source common properties 1`] = `
AirbyteSpec {
  "spec": Object {
    "connectionSpecification": Object {
      "properties": Object {
        "check_connection": Object {
          "default": true,
          "description": "Enable connection check during setup (CHECK command). When disabled, skips setup-time checks but performs a single pre-read validation before reading data.",
          "order": 1002,
          "title": "Check Connection",
          "type": "boolean",
        },
        "debug": Object {
          "default": false,
          "description": "Enable debug mode",
          "order": 1000,
          "title": "Debug",
          "type": "boolean",
        },
        "faros_source_id": Object {
          "description": "The ID of the source (aka account)",
          "order": 1001,
          "title": "The source ID",
          "type": "string",
        },
        "prop1": Object {
          "type": "string",
        },
      },
    },
  },
  "type": "SPEC",
}
`;
